

Version:	3.50
CmdLine:	C:\Users\linds\OneDrive\Documents\GitHub\TarotHades\Installer\Other dependencies\Memo.exe --l4j-debug
JNI:		No
WOW64:		Yes
Working dir:	C:\Users\linds\OneDrive\Documents\GitHub\TarotHades\Installer\Other dependencies\.
Requires JDK:	No
Requires 64-Bit: No
Java min ver:	
Java max ver:	
Substitute:	JAVA_HOME = C:\Program Files\Java\jdk-26.0.1
Substitute:	PATH = C:\Program Files\Java\jdk-26.0.1\bin;C:\Program Files (x86)\Common Files\Oracle\Java\java8path;C:\Program Files (x86)\Common Files\Oracle\Java\javapath;C:\Program Files\Eclipse Adoptium\jdk-21.0.3.9-hotspot\bin;C:\Windows\system32;C:\Windows;C:\Windows\System32\Wbem;C:\Windows\System32\WindowsPowerShell\v1.0\;C:\Windows\System32\OpenSSH\;C:\Program Files (x86)\NVIDIA Corporation\PhysX\Common;C:\Program Files\NVIDIA Corporation\NVIDIA NvDLISR;C:\WINDOWS\system32;C:\WINDOWS;C:\WINDOWS\System32\Wbem;C:\WINDOWS\System32\WindowsPowerShell\v1.0\;C:\WINDOWS\System32\OpenSSH\;C:\Program Files\nodejs\;C:\Program Files (x86)\Git\cmd;C:\Program Files\dotnet\;JAVA_HOME;C:\Program Files\Java\jdk-26.0.1\bin;C:\Users\linds\AppData\Local\Microsoft\WindowsApps;C:\Users\linds\AppData\Local\Programs\Microsoft VS Code\bin;C:\Users\linds\AppData\Roaming\npm;C:\Users\linds\AppData\Local\GitHubDesktop\bin;C:\Users\linds\AppData\Local\Programs\mongosh\;C:\Program Files\Java\jdk-25.0.2\bin;C:\Users\linds\.dotnet\tools;C:\Program Files\Java\jdk-26.0.1\bin
JRE paths:	C:\Program Files\Java\jdk-26.0.1;C:\Program Files\Java\jdk-26.0.1\bin;C:\Program Files (x86)\Common Files\Oracle\Java\java8path;C:\Program Files (x86)\Common Files\Oracle\Java\javapath;C:\Program Files\Eclipse Adoptium\jdk-21.0.3.9-hotspot\bin;C:\Windows\system32;C:\Windows;C:\Windows\System32\Wbem;C:\Windows\System32\WindowsPowerShell\v1.0\;C:\Windows\System32\OpenSSH\;C:\Program Files (x86)\NVIDIA Corporation\PhysX\Common;C:\Program Files\NVIDIA Corporation\NVIDIA NvDLISR;C:\WINDOWS\system32;C:\WINDOWS;C:\WINDOWS\System32\Wbem;C:\WINDOWS\System32\WindowsPowerShell\v1.0\;C:\WINDOWS\System32\OpenSSH\;C:\Program Files\nodejs\;C:\Program Files (x86)\Git\cmd;C:\Program Files\dotnet\;JAVA_HOME;C:\Program Files\Java\jdk-26.0.1\bin;C:\Users\linds\AppData\Local\Microsoft\WindowsApps;C:\Users\linds\AppData\Local\Programs\Microsoft VS Code\bin;C:\Users\linds\AppData\Roaming\npm;C:\Users\linds\AppData\Local\GitHubDesktop\bin;C:\Users\linds\AppData\Local\Programs\mongosh\;C:\Program Files\Java\jdk-25.0.2\bin;C:\Users\linds\.dotnet\tools;C:\Program Files\Java\jdk-26.0.1\bin
Check launcher:	C:\Program Files\Java\jdk-26.0.1\bin\javaw.exe (OK)
Version string: 1.026.000_001 / 64-Bit (OK)
Launcher:	C:\Program Files\Java\jdk-26.0.1\bin\javaw.exe
Launcher args:	-jar "C:\Users\linds\OneDrive\Documents\GitHub\TarotHades\Installer\Other dependencies\Memo.exe"
Args length:	96/32768 chars
Exit code:	0


Version:	3.50
CmdLine:	C:\Users\linds\OneDrive\Documents\GitHub\TarotHades\Installer\Other dependencies\Memo.exe --l4j-debug
JNI:		No
WOW64:		Yes
Working dir:	C:\Users\linds\OneDrive\Documents\GitHub\TarotHades\Installer\Other dependencies\.
Requires JDK:	No
Requires 64-Bit: No
Java min ver:	
Java max ver:	
Substitute:	JAVA_HOME = C:\Program Files\Java\jdk-26.0.1
Substitute:	PATH = C:\Program Files\Java\jdk-26.0.1\bin;C:\Program Files (x86)\Common Files\Oracle\Java\java8path;C:\Program Files (x86)\Common Files\Oracle\Java\javapath;C:\Program Files\Eclipse Adoptium\jdk-21.0.3.9-hotspot\bin;C:\Windows\system32;C:\Windows;C:\Windows\System32\Wbem;C:\Windows\System32\WindowsPowerShell\v1.0\;C:\Windows\System32\OpenSSH\;C:\Program Files (x86)\NVIDIA Corporation\PhysX\Common;C:\Program Files\NVIDIA Corporation\NVIDIA NvDLISR;C:\WINDOWS\system32;C:\WINDOWS;C:\WINDOWS\System32\Wbem;C:\WINDOWS\System32\WindowsPowerShell\v1.0\;C:\WINDOWS\System32\OpenSSH\;C:\Program Files\nodejs\;C:\Program Files (x86)\Git\cmd;C:\Program Files\dotnet\;JAVA_HOME;C:\Program Files\Java\jdk-26.0.1\bin;C:\Users\linds\AppData\Local\Microsoft\WindowsApps;C:\Users\linds\AppData\Local\Programs\Microsoft VS Code\bin;C:\Users\linds\AppData\Roaming\npm;C:\Users\linds\AppData\Local\GitHubDesktop\bin;C:\Users\linds\AppData\Local\Programs\mongosh\;C:\Program Files\Java\jdk-25.0.2\bin;C:\Users\linds\.dotnet\tools;C:\Program Files\Java\jdk-26.0.1\bin
JRE paths:	C:\Program Files\Java\jdk-26.0.1;C:\Program Files\Java\jdk-26.0.1\bin;C:\Program Files (x86)\Common Files\Oracle\Java\java8path;C:\Program Files (x86)\Common Files\Oracle\Java\javapath;C:\Program Files\Eclipse Adoptium\jdk-21.0.3.9-hotspot\bin;C:\Windows\system32;C:\Windows;C:\Windows\System32\Wbem;C:\Windows\System32\WindowsPowerShell\v1.0\;C:\Windows\System32\OpenSSH\;C:\Program Files (x86)\NVIDIA Corporation\PhysX\Common;C:\Program Files\NVIDIA Corporation\NVIDIA NvDLISR;C:\WINDOWS\system32;C:\WINDOWS;C:\WINDOWS\System32\Wbem;C:\WINDOWS\System32\WindowsPowerShell\v1.0\;C:\WINDOWS\System32\OpenSSH\;C:\Program Files\nodejs\;C:\Program Files (x86)\Git\cmd;C:\Program Files\dotnet\;JAVA_HOME;C:\Program Files\Java\jdk-26.0.1\bin;C:\Users\linds\AppData\Local\Microsoft\WindowsApps;C:\Users\linds\AppData\Local\Programs\Microsoft VS Code\bin;C:\Users\linds\AppData\Roaming\npm;C:\Users\linds\AppData\Local\GitHubDesktop\bin;C:\Users\linds\AppData\Local\Programs\mongosh\;C:\Program Files\Java\jdk-25.0.2\bin;C:\Users\linds\.dotnet\tools;C:\Program Files\Java\jdk-26.0.1\bin
Check launcher:	C:\Program Files\Java\jdk-26.0.1\bin\javaw.exe (OK)
Version string: 1.026.000_001 / 64-Bit (OK)
Launcher:	C:\Program Files\Java\jdk-26.0.1\bin\javaw.exe
Launcher args:	-jar "C:\Users\linds\OneDrive\Documents\GitHub\TarotHades\Installer\Other dependencies\Memo.exe"
Args length:	96/32768 chars
Exit code:	0


Version:	3.50
CmdLine:	C:\Users\linds\OneDrive\Documents\GitHub\TarotHades\Installer\Other dependencies\Memo.exe --l4j-debug
JNI:		No
WOW64:		Yes
Working dir:	C:\Users\linds\OneDrive\Documents\GitHub\TarotHades\Installer\Other dependencies\.
Requires JDK:	No
Requires 64-Bit: No
Java min ver:	
Java max ver:	
Substitute:	JAVA_HOME = C:\Program Files\Java\jdk-26.0.1
Substitute:	PATH = C:\Program Files\Java\jdk-26.0.1\bin;C:\Program Files (x86)\Common Files\Oracle\Java\java8path;C:\Program Files (x86)\Common Files\Oracle\Java\javapath;C:\Program Files\Eclipse Adoptium\jdk-21.0.3.9-hotspot\bin;C:\Windows\system32;C:\Windows;C:\Windows\System32\Wbem;C:\Windows\System32\WindowsPowerShell\v1.0\;C:\Windows\System32\OpenSSH\;C:\Program Files (x86)\NVIDIA Corporation\PhysX\Common;C:\Program Files\NVIDIA Corporation\NVIDIA NvDLISR;C:\WINDOWS\system32;C:\WINDOWS;C:\WINDOWS\System32\Wbem;C:\WINDOWS\System32\WindowsPowerShell\v1.0\;C:\WINDOWS\System32\OpenSSH\;C:\Program Files\nodejs\;C:\Program Files (x86)\Git\cmd;C:\Program Files\dotnet\;JAVA_HOME;C:\Program Files\Java\jdk-26.0.1\bin;C:\Users\linds\AppData\Local\Microsoft\WindowsApps;C:\Users\linds\AppData\Local\Programs\Microsoft VS Code\bin;C:\Users\linds\AppData\Roaming\npm;C:\Users\linds\AppData\Local\GitHubDesktop\bin;C:\Users\linds\AppData\Local\Programs\mongosh\;C:\Program Files\Java\jdk-25.0.2\bin;C:\Users\linds\.dotnet\tools;C:\Program Files\Java\jdk-26.0.1\bin
JRE paths:	C:\Program Files\Java\jdk-26.0.1;C:\Program Files\Java\jdk-26.0.1\bin;C:\Program Files (x86)\Common Files\Oracle\Java\java8path;C:\Program Files (x86)\Common Files\Oracle\Java\javapath;C:\Program Files\Eclipse Adoptium\jdk-21.0.3.9-hotspot\bin;C:\Windows\system32;C:\Windows;C:\Windows\System32\Wbem;C:\Windows\System32\WindowsPowerShell\v1.0\;C:\Windows\System32\OpenSSH\;C:\Program Files (x86)\NVIDIA Corporation\PhysX\Common;C:\Program Files\NVIDIA Corporation\NVIDIA NvDLISR;C:\WINDOWS\system32;C:\WINDOWS;C:\WINDOWS\System32\Wbem;C:\WINDOWS\System32\WindowsPowerShell\v1.0\;C:\WINDOWS\System32\OpenSSH\;C:\Program Files\nodejs\;C:\Program Files (x86)\Git\cmd;C:\Program Files\dotnet\;JAVA_HOME;C:\Program Files\Java\jdk-26.0.1\bin;C:\Users\linds\AppData\Local\Microsoft\WindowsApps;C:\Users\linds\AppData\Local\Programs\Microsoft VS Code\bin;C:\Users\linds\AppData\Roaming\npm;C:\Users\linds\AppData\Local\GitHubDesktop\bin;C:\Users\linds\AppData\Local\Programs\mongosh\;C:\Program Files\Java\jdk-25.0.2\bin;C:\Users\linds\.dotnet\tools;C:\Program Files\Java\jdk-26.0.1\bin
Check launcher:	C:\Program Files\Java\jdk-26.0.1\bin\javaw.exe (OK)
Version string: 1.026.000_001 / 64-Bit (OK)
Launcher:	C:\Program Files\Java\jdk-26.0.1\bin\javaw.exe
Launcher args:	-jar "C:\Users\linds\OneDrive\Documents\GitHub\TarotHades\Installer\Other dependencies\Memo.exe"
Args length:	96/32768 chars
Exit code:	0


Version:	3.50
CmdLine:	C:\Users\linds\OneDrive\Documents\GitHub\TarotHades\Installer\Other dependencies\Memo.exe --l4j-debug
JNI:		No
WOW64:		Yes
Working dir:	C:\Users\linds\OneDrive\Documents\GitHub\TarotHades\Installer\Other dependencies\.
Requires JDK:	No
Requires 64-Bit: No
Java min ver:	
Java max ver:	
Substitute:	JAVA_HOME = C:\Program Files\Java\jdk-26.0.1
Substitute:	PATH = C:\Program Files\Java\jdk-26.0.1\bin;C:\Program Files (x86)\Common Files\Oracle\Java\java8path;C:\Program Files (x86)\Common Files\Oracle\Java\javapath;C:\Program Files\Eclipse Adoptium\jdk-21.0.3.9-hotspot\bin;C:\Windows\system32;C:\Windows;C:\Windows\System32\Wbem;C:\Windows\System32\WindowsPowerShell\v1.0\;C:\Windows\System32\OpenSSH\;C:\Program Files (x86)\NVIDIA Corporation\PhysX\Common;C:\Program Files\NVIDIA Corporation\NVIDIA NvDLISR;C:\WINDOWS\system32;C:\WINDOWS;C:\WINDOWS\System32\Wbem;C:\WINDOWS\System32\WindowsPowerShell\v1.0\;C:\WINDOWS\System32\OpenSSH\;C:\Program Files\nodejs\;C:\Program Files (x86)\Git\cmd;C:\Program Files\dotnet\;JAVA_HOME;C:\Program Files\Java\jdk-26.0.1\bin;C:\Users\linds\AppData\Local\Microsoft\WindowsApps;C:\Users\linds\AppData\Local\Programs\Microsoft VS Code\bin;C:\Users\linds\AppData\Roaming\npm;C:\Users\linds\AppData\Local\GitHubDesktop\bin;C:\Users\linds\AppData\Local\Programs\mongosh\;C:\Program Files\Java\jdk-25.0.2\bin;C:\Users\linds\.dotnet\tools;C:\Program Files\Java\jdk-26.0.1\bin
JRE paths:	C:\Program Files\Java\jdk-26.0.1;C:\Program Files\Java\jdk-26.0.1\bin;C:\Program Files (x86)\Common Files\Oracle\Java\java8path;C:\Program Files (x86)\Common Files\Oracle\Java\javapath;C:\Program Files\Eclipse Adoptium\jdk-21.0.3.9-hotspot\bin;C:\Windows\system32;C:\Windows;C:\Windows\System32\Wbem;C:\Windows\System32\WindowsPowerShell\v1.0\;C:\Windows\System32\OpenSSH\;C:\Program Files (x86)\NVIDIA Corporation\PhysX\Common;C:\Program Files\NVIDIA Corporation\NVIDIA NvDLISR;C:\WINDOWS\system32;C:\WINDOWS;C:\WINDOWS\System32\Wbem;C:\WINDOWS\System32\WindowsPowerShell\v1.0\;C:\WINDOWS\System32\OpenSSH\;C:\Program Files\nodejs\;C:\Program Files (x86)\Git\cmd;C:\Program Files\dotnet\;JAVA_HOME;C:\Program Files\Java\jdk-26.0.1\bin;C:\Users\linds\AppData\Local\Microsoft\WindowsApps;C:\Users\linds\AppData\Local\Programs\Microsoft VS Code\bin;C:\Users\linds\AppData\Roaming\npm;C:\Users\linds\AppData\Local\GitHubDesktop\bin;C:\Users\linds\AppData\Local\Programs\mongosh\;C:\Program Files\Java\jdk-25.0.2\bin;C:\Users\linds\.dotnet\tools;C:\Program Files\Java\jdk-26.0.1\bin
Check launcher:	C:\Program Files\Java\jdk-26.0.1\bin\javaw.exe (OK)
Version string: 1.026.000_001 / 64-Bit (OK)
Launcher:	C:\Program Files\Java\jdk-26.0.1\bin\javaw.exe
Launcher args:	-jar "C:\Users\linds\OneDrive\Documents\GitHub\TarotHades\Installer\Other dependencies\Memo.exe"
Args length:	96/32768 chars
Exit code:	1


Version:	3.50
CmdLine:	C:\Users\linds\OneDrive\Documents\GitHub\TarotHades\Installer\Other dependencies\Memo.exe --l4j-debug
JNI:		No
WOW64:		Yes
Working dir:	C:\Users\linds\OneDrive\Documents\GitHub\TarotHades\Installer\Other dependencies\.
Requires JDK:	No
Requires 64-Bit: No
Java min ver:	
Java max ver:	
Substitute:	JAVA_HOME = C:\Program Files\Java\jdk-26.0.1
Substitute:	PATH = C:\Program Files\Java\jdk-26.0.1\bin;C:\Program Files (x86)\Common Files\Oracle\Java\java8path;C:\Program Files (x86)\Common Files\Oracle\Java\javapath;C:\Program Files\Eclipse Adoptium\jdk-21.0.3.9-hotspot\bin;C:\Windows\system32;C:\Windows;C:\Windows\System32\Wbem;C:\Windows\System32\WindowsPowerShell\v1.0\;C:\Windows\System32\OpenSSH\;C:\Program Files (x86)\NVIDIA Corporation\PhysX\Common;C:\Program Files\NVIDIA Corporation\NVIDIA NvDLISR;C:\WINDOWS\system32;C:\WINDOWS;C:\WINDOWS\System32\Wbem;C:\WINDOWS\System32\WindowsPowerShell\v1.0\;C:\WINDOWS\System32\OpenSSH\;C:\Program Files\nodejs\;C:\Program Files (x86)\Git\cmd;C:\Program Files\dotnet\;JAVA_HOME;C:\Program Files\Java\jdk-26.0.1\bin;C:\Users\linds\AppData\Local\Microsoft\WindowsApps;C:\Users\linds\AppData\Local\Programs\Microsoft VS Code\bin;C:\Users\linds\AppData\Roaming\npm;C:\Users\linds\AppData\Local\GitHubDesktop\bin;C:\Users\linds\AppData\Local\Programs\mongosh\;C:\Program Files\Java\jdk-25.0.2\bin;C:\Users\linds\.dotnet\tools;C:\Program Files\Java\jdk-26.0.1\bin
JRE paths:	C:\Program Files\Java\jdk-26.0.1;C:\Program Files\Java\jdk-26.0.1\bin;C:\Program Files (x86)\Common Files\Oracle\Java\java8path;C:\Program Files (x86)\Common Files\Oracle\Java\javapath;C:\Program Files\Eclipse Adoptium\jdk-21.0.3.9-hotspot\bin;C:\Windows\system32;C:\Windows;C:\Windows\System32\Wbem;C:\Windows\System32\WindowsPowerShell\v1.0\;C:\Windows\System32\OpenSSH\;C:\Program Files (x86)\NVIDIA Corporation\PhysX\Common;C:\Program Files\NVIDIA Corporation\NVIDIA NvDLISR;C:\WINDOWS\system32;C:\WINDOWS;C:\WINDOWS\System32\Wbem;C:\WINDOWS\System32\WindowsPowerShell\v1.0\;C:\WINDOWS\System32\OpenSSH\;C:\Program Files\nodejs\;C:\Program Files (x86)\Git\cmd;C:\Program Files\dotnet\;JAVA_HOME;C:\Program Files\Java\jdk-26.0.1\bin;C:\Users\linds\AppData\Local\Microsoft\WindowsApps;C:\Users\linds\AppData\Local\Programs\Microsoft VS Code\bin;C:\Users\linds\AppData\Roaming\npm;C:\Users\linds\AppData\Local\GitHubDesktop\bin;C:\Users\linds\AppData\Local\Programs\mongosh\;C:\Program Files\Java\jdk-25.0.2\bin;C:\Users\linds\.dotnet\tools;C:\Program Files\Java\jdk-26.0.1\bin
Check launcher:	C:\Program Files\Java\jdk-26.0.1\bin\javaw.exe (OK)
Version string: 1.026.000_001 / 64-Bit (OK)
Launcher:	C:\Program Files\Java\jdk-26.0.1\bin\javaw.exe
Launcher args:	-jar "C:\Users\linds\OneDrive\Documents\GitHub\TarotHades\Installer\Other dependencies\Memo.exe"
Args length:	96/32768 chars
Exit code:	1


Version:	3.50
CmdLine:	C:\Users\linds\OneDrive\Documents\GitHub\TarotHades\Installer\Other dependencies\Memo.exe --l4j-debug
JNI:		No
WOW64:		Yes
Working dir:	C:\Users\linds\OneDrive\Documents\GitHub\TarotHades\Installer\Other dependencies\.
Requires JDK:	No
Requires 64-Bit: No
Java min ver:	
Java max ver:	
Substitute:	JAVA_HOME = C:\Program Files\Java\jdk-26.0.1
Substitute:	PATH = C:\Program Files\Java\jdk-26.0.1\bin;C:\Program Files (x86)\Common Files\Oracle\Java\java8path;C:\Program Files (x86)\Common Files\Oracle\Java\javapath;C:\Program Files\Eclipse Adoptium\jdk-21.0.3.9-hotspot\bin;C:\Windows\system32;C:\Windows;C:\Windows\System32\Wbem;C:\Windows\System32\WindowsPowerShell\v1.0\;C:\Windows\System32\OpenSSH\;C:\Program Files (x86)\NVIDIA Corporation\PhysX\Common;C:\Program Files\NVIDIA Corporation\NVIDIA NvDLISR;C:\WINDOWS\system32;C:\WINDOWS;C:\WINDOWS\System32\Wbem;C:\WINDOWS\System32\WindowsPowerShell\v1.0\;C:\WINDOWS\System32\OpenSSH\;C:\Program Files\nodejs\;C:\Program Files (x86)\Git\cmd;C:\Program Files\dotnet\;JAVA_HOME;C:\Program Files\Java\jdk-26.0.1\bin;C:\Users\linds\AppData\Local\Microsoft\WindowsApps;C:\Users\linds\AppData\Local\Programs\Microsoft VS Code\bin;C:\Users\linds\AppData\Roaming\npm;C:\Users\linds\AppData\Local\GitHubDesktop\bin;C:\Users\linds\AppData\Local\Programs\mongosh\;C:\Program Files\Java\jdk-25.0.2\bin;C:\Users\linds\.dotnet\tools;C:\Program Files\Java\jdk-26.0.1\bin
JRE paths:	C:\Program Files\Java\jdk-26.0.1;C:\Program Files\Java\jdk-26.0.1\bin;C:\Program Files (x86)\Common Files\Oracle\Java\java8path;C:\Program Files (x86)\Common Files\Oracle\Java\javapath;C:\Program Files\Eclipse Adoptium\jdk-21.0.3.9-hotspot\bin;C:\Windows\system32;C:\Windows;C:\Windows\System32\Wbem;C:\Windows\System32\WindowsPowerShell\v1.0\;C:\Windows\System32\OpenSSH\;C:\Program Files (x86)\NVIDIA Corporation\PhysX\Common;C:\Program Files\NVIDIA Corporation\NVIDIA NvDLISR;C:\WINDOWS\system32;C:\WINDOWS;C:\WINDOWS\System32\Wbem;C:\WINDOWS\System32\WindowsPowerShell\v1.0\;C:\WINDOWS\System32\OpenSSH\;C:\Program Files\nodejs\;C:\Program Files (x86)\Git\cmd;C:\Program Files\dotnet\;JAVA_HOME;C:\Program Files\Java\jdk-26.0.1\bin;C:\Users\linds\AppData\Local\Microsoft\WindowsApps;C:\Users\linds\AppData\Local\Programs\Microsoft VS Code\bin;C:\Users\linds\AppData\Roaming\npm;C:\Users\linds\AppData\Local\GitHubDesktop\bin;C:\Users\linds\AppData\Local\Programs\mongosh\;C:\Program Files\Java\jdk-25.0.2\bin;C:\Users\linds\.dotnet\tools;C:\Program Files\Java\jdk-26.0.1\bin
Check launcher:	C:\Program Files\Java\jdk-26.0.1\bin\javaw.exe (OK)
Version string: 1.026.000_001 / 64-Bit (OK)
Launcher:	C:\Program Files\Java\jdk-26.0.1\bin\javaw.exe
Launcher args:	-jar "C:\Users\linds\OneDrive\Documents\GitHub\TarotHades\Installer\Other dependencies\Memo.exe"
Args length:	96/32768 chars
Exit code:	0


Version:	3.50
CmdLine:	C:\Users\linds\OneDrive\Documents\GitHub\TarotHades\Installer\Other dependencies\Memo.exe --l4j-debug
JNI:		No
WOW64:		Yes
Working dir:	C:\Users\linds\OneDrive\Documents\GitHub\TarotHades\Installer\Other dependencies\.
Requires JDK:	No
Requires 64-Bit: No
Java min ver:	
Java max ver:	
Substitute:	JAVA_HOME = C:\Program Files\Java\jdk-26.0.1
Substitute:	PATH = C:\Program Files\Java\jdk-26.0.1\bin;C:\Program Files (x86)\Common Files\Oracle\Java\java8path;C:\Program Files (x86)\Common Files\Oracle\Java\javapath;C:\Program Files\Eclipse Adoptium\jdk-21.0.3.9-hotspot\bin;C:\Windows\system32;C:\Windows;C:\Windows\System32\Wbem;C:\Windows\System32\WindowsPowerShell\v1.0\;C:\Windows\System32\OpenSSH\;C:\Program Files (x86)\NVIDIA Corporation\PhysX\Common;C:\Program Files\NVIDIA Corporation\NVIDIA NvDLISR;C:\WINDOWS\system32;C:\WINDOWS;C:\WINDOWS\System32\Wbem;C:\WINDOWS\System32\WindowsPowerShell\v1.0\;C:\WINDOWS\System32\OpenSSH\;C:\Program Files\nodejs\;C:\Program Files (x86)\Git\cmd;C:\Program Files\dotnet\;JAVA_HOME;C:\Program Files\Java\jdk-26.0.1\bin;C:\Users\linds\AppData\Local\Microsoft\WindowsApps;C:\Users\linds\AppData\Local\Programs\Microsoft VS Code\bin;C:\Users\linds\AppData\Roaming\npm;C:\Users\linds\AppData\Local\GitHubDesktop\bin;C:\Users\linds\AppData\Local\Programs\mongosh\;C:\Program Files\Java\jdk-25.0.2\bin;C:\Users\linds\.dotnet\tools;C:\Program Files\Java\jdk-26.0.1\bin
JRE paths:	C:\Program Files\Java\jdk-26.0.1;C:\Program Files\Java\jdk-26.0.1\bin;C:\Program Files (x86)\Common Files\Oracle\Java\java8path;C:\Program Files (x86)\Common Files\Oracle\Java\javapath;C:\Program Files\Eclipse Adoptium\jdk-21.0.3.9-hotspot\bin;C:\Windows\system32;C:\Windows;C:\Windows\System32\Wbem;C:\Windows\System32\WindowsPowerShell\v1.0\;C:\Windows\System32\OpenSSH\;C:\Program Files (x86)\NVIDIA Corporation\PhysX\Common;C:\Program Files\NVIDIA Corporation\NVIDIA NvDLISR;C:\WINDOWS\system32;C:\WINDOWS;C:\WINDOWS\System32\Wbem;C:\WINDOWS\System32\WindowsPowerShell\v1.0\;C:\WINDOWS\System32\OpenSSH\;C:\Program Files\nodejs\;C:\Program Files (x86)\Git\cmd;C:\Program Files\dotnet\;JAVA_HOME;C:\Program Files\Java\jdk-26.0.1\bin;C:\Users\linds\AppData\Local\Microsoft\WindowsApps;C:\Users\linds\AppData\Local\Programs\Microsoft VS Code\bin;C:\Users\linds\AppData\Roaming\npm;C:\Users\linds\AppData\Local\GitHubDesktop\bin;C:\Users\linds\AppData\Local\Programs\mongosh\;C:\Program Files\Java\jdk-25.0.2\bin;C:\Users\linds\.dotnet\tools;C:\Program Files\Java\jdk-26.0.1\bin
Check launcher:	C:\Program Files\Java\jdk-26.0.1\bin\javaw.exe (OK)
Version string: 1.026.000_001 / 64-Bit (OK)
Launcher:	C:\Program Files\Java\jdk-26.0.1\bin\javaw.exe
Launcher args:	-jar "C:\Users\linds\OneDrive\Documents\GitHub\TarotHades\Installer\Other dependencies\Memo.exe"
Args length:	96/32768 chars
Exit code:	0


Version:	3.50
CmdLine:	C:\Users\linds\OneDrive\Documents\GitHub\TarotHades\Installer\Other dependencies\Memo.exe --l4j-debug
JNI:		No
WOW64:		Yes
Working dir:	C:\Users\linds\OneDrive\Documents\GitHub\TarotHades\Installer\Other dependencies\.
Requires JDK:	No
Requires 64-Bit: No
Java min ver:	
Java max ver:	
Substitute:	JAVA_HOME = C:\Program Files\Java\jdk-26.0.1
Substitute:	PATH = C:\Program Files\Java\jdk-26.0.1\bin;C:\Program Files (x86)\Common Files\Oracle\Java\java8path;C:\Program Files (x86)\Common Files\Oracle\Java\javapath;C:\Program Files\Eclipse Adoptium\jdk-21.0.3.9-hotspot\bin;C:\Windows\system32;C:\Windows;C:\Windows\System32\Wbem;C:\Windows\System32\WindowsPowerShell\v1.0\;C:\Windows\System32\OpenSSH\;C:\Program Files (x86)\NVIDIA Corporation\PhysX\Common;C:\Program Files\NVIDIA Corporation\NVIDIA NvDLISR;C:\WINDOWS\system32;C:\WINDOWS;C:\WINDOWS\System32\Wbem;C:\WINDOWS\System32\WindowsPowerShell\v1.0\;C:\WINDOWS\System32\OpenSSH\;C:\Program Files\nodejs\;C:\Program Files (x86)\Git\cmd;C:\Program Files\dotnet\;JAVA_HOME;C:\Program Files\Java\jdk-26.0.1\bin;C:\Users\linds\AppData\Local\Microsoft\WindowsApps;C:\Users\linds\AppData\Local\Programs\Microsoft VS Code\bin;C:\Users\linds\AppData\Roaming\npm;C:\Users\linds\AppData\Local\GitHubDesktop\bin;C:\Users\linds\AppData\Local\Programs\mongosh\;C:\Program Files\Java\jdk-25.0.2\bin;C:\Users\linds\.dotnet\tools;C:\Program Files\Java\jdk-26.0.1\bin
JRE paths:	C:\Program Files\Java\jdk-26.0.1;C:\Program Files\Java\jdk-26.0.1\bin;C:\Program Files (x86)\Common Files\Oracle\Java\java8path;C:\Program Files (x86)\Common Files\Oracle\Java\javapath;C:\Program Files\Eclipse Adoptium\jdk-21.0.3.9-hotspot\bin;C:\Windows\system32;C:\Windows;C:\Windows\System32\Wbem;C:\Windows\System32\WindowsPowerShell\v1.0\;C:\Windows\System32\OpenSSH\;C:\Program Files (x86)\NVIDIA Corporation\PhysX\Common;C:\Program Files\NVIDIA Corporation\NVIDIA NvDLISR;C:\WINDOWS\system32;C:\WINDOWS;C:\WINDOWS\System32\Wbem;C:\WINDOWS\System32\WindowsPowerShell\v1.0\;C:\WINDOWS\System32\OpenSSH\;C:\Program Files\nodejs\;C:\Program Files (x86)\Git\cmd;C:\Program Files\dotnet\;JAVA_HOME;C:\Program Files\Java\jdk-26.0.1\bin;C:\Users\linds\AppData\Local\Microsoft\WindowsApps;C:\Users\linds\AppData\Local\Programs\Microsoft VS Code\bin;C:\Users\linds\AppData\Roaming\npm;C:\Users\linds\AppData\Local\GitHubDesktop\bin;C:\Users\linds\AppData\Local\Programs\mongosh\;C:\Program Files\Java\jdk-25.0.2\bin;C:\Users\linds\.dotnet\tools;C:\Program Files\Java\jdk-26.0.1\bin
Check launcher:	C:\Program Files\Java\jdk-26.0.1\bin\javaw.exe (OK)
Version string: 1.026.000_001 / 64-Bit (OK)
Launcher:	C:\Program Files\Java\jdk-26.0.1\bin\javaw.exe
Launcher args:	-jar "C:\Users\linds\OneDrive\Documents\GitHub\TarotHades\Installer\Other dependencies\Memo.exe"
Args length:	96/32768 chars
Exit code:	0


Version:	3.50
CmdLine:	C:\Users\linds\OneDrive\Documents\GitHub\TarotHades\Installer\Other dependencies\Memo.exe --l4j-debug
JNI:		No
WOW64:		Yes
Working dir:	C:\Users\linds\OneDrive\Documents\GitHub\TarotHades\Installer\Other dependencies\.
Requires JDK:	No
Requires 64-Bit: No
Java min ver:	
Java max ver:	
Substitute:	JAVA_HOME = C:\Program Files\Java\jdk-26.0.1
Substitute:	PATH = C:\Program Files\Java\jdk-26.0.1\bin;C:\Program Files (x86)\Common Files\Oracle\Java\java8path;C:\Program Files (x86)\Common Files\Oracle\Java\javapath;C:\Program Files\Eclipse Adoptium\jdk-21.0.3.9-hotspot\bin;C:\Windows\system32;C:\Windows;C:\Windows\System32\Wbem;C:\Windows\System32\WindowsPowerShell\v1.0\;C:\Windows\System32\OpenSSH\;C:\Program Files (x86)\NVIDIA Corporation\PhysX\Common;C:\Program Files\NVIDIA Corporation\NVIDIA NvDLISR;C:\WINDOWS\system32;C:\WINDOWS;C:\WINDOWS\System32\Wbem;C:\WINDOWS\System32\WindowsPowerShell\v1.0\;C:\WINDOWS\System32\OpenSSH\;C:\Program Files\nodejs\;C:\Program Files (x86)\Git\cmd;C:\Program Files\dotnet\;JAVA_HOME;C:\Program Files\Java\jdk-26.0.1\bin;C:\Users\linds\AppData\Local\Microsoft\WindowsApps;C:\Users\linds\AppData\Local\Programs\Microsoft VS Code\bin;C:\Users\linds\AppData\Roaming\npm;C:\Users\linds\AppData\Local\GitHubDesktop\bin;C:\Users\linds\AppData\Local\Programs\mongosh\;C:\Program Files\Java\jdk-25.0.2\bin;C:\Users\linds\.dotnet\tools;C:\Program Files\Java\jdk-26.0.1\bin
JRE paths:	C:\Program Files\Java\jdk-26.0.1;C:\Program Files\Java\jdk-26.0.1\bin;C:\Program Files (x86)\Common Files\Oracle\Java\java8path;C:\Program Files (x86)\Common Files\Oracle\Java\javapath;C:\Program Files\Eclipse Adoptium\jdk-21.0.3.9-hotspot\bin;C:\Windows\system32;C:\Windows;C:\Windows\System32\Wbem;C:\Windows\System32\WindowsPowerShell\v1.0\;C:\Windows\System32\OpenSSH\;C:\Program Files (x86)\NVIDIA Corporation\PhysX\Common;C:\Program Files\NVIDIA Corporation\NVIDIA NvDLISR;C:\WINDOWS\system32;C:\WINDOWS;C:\WINDOWS\System32\Wbem;C:\WINDOWS\System32\WindowsPowerShell\v1.0\;C:\WINDOWS\System32\OpenSSH\;C:\Program Files\nodejs\;C:\Program Files (x86)\Git\cmd;C:\Program Files\dotnet\;JAVA_HOME;C:\Program Files\Java\jdk-26.0.1\bin;C:\Users\linds\AppData\Local\Microsoft\WindowsApps;C:\Users\linds\AppData\Local\Programs\Microsoft VS Code\bin;C:\Users\linds\AppData\Roaming\npm;C:\Users\linds\AppData\Local\GitHubDesktop\bin;C:\Users\linds\AppData\Local\Programs\mongosh\;C:\Program Files\Java\jdk-25.0.2\bin;C:\Users\linds\.dotnet\tools;C:\Program Files\Java\jdk-26.0.1\bin
Check launcher:	C:\Program Files\Java\jdk-26.0.1\bin\javaw.exe (OK)
Version string: 1.026.000_001 / 64-Bit (OK)
Launcher:	C:\Program Files\Java\jdk-26.0.1\bin\javaw.exe
Launcher args:	-jar "C:\Users\linds\OneDrive\Documents\GitHub\TarotHades\Installer\Other dependencies\Memo.exe"
Args length:	96/32768 chars
Exit code:	0


Version:	3.50
CmdLine:	C:\Users\linds\OneDrive\Documents\GitHub\TarotHades\Installer\Other dependencies\MEMORIAM.exe --l4j-debug
JNI:		No
WOW64:		Yes
Working dir:	C:\Users\linds\OneDrive\Documents\GitHub\TarotHades\Installer\Other dependencies\.
Requires JDK:	No
Requires 64-Bit: No
Java min ver:	
Java max ver:	
Substitute:	JAVA_HOME = C:\Program Files\Java\jdk-26.0.1
Substitute:	PATH = C:\Program Files\Java\jdk-26.0.1\bin;C:\Program Files (x86)\Common Files\Oracle\Java\java8path;C:\Program Files (x86)\Common Files\Oracle\Java\javapath;C:\Program Files\Eclipse Adoptium\jdk-21.0.3.9-hotspot\bin;C:\Windows\system32;C:\Windows;C:\Windows\System32\Wbem;C:\Windows\System32\WindowsPowerShell\v1.0\;C:\Windows\System32\OpenSSH\;C:\Program Files (x86)\NVIDIA Corporation\PhysX\Common;C:\Program Files\NVIDIA Corporation\NVIDIA NvDLISR;C:\WINDOWS\system32;C:\WINDOWS;C:\WINDOWS\System32\Wbem;C:\WINDOWS\System32\WindowsPowerShell\v1.0\;C:\WINDOWS\System32\OpenSSH\;C:\Program Files\nodejs\;C:\Program Files (x86)\Git\cmd;C:\Program Files\dotnet\;JAVA_HOME;C:\Program Files\Java\jdk-26.0.1\bin;C:\Users\linds\AppData\Local\Microsoft\WindowsApps;C:\Users\linds\AppData\Local\Programs\Microsoft VS Code\bin;C:\Users\linds\AppData\Roaming\npm;C:\Users\linds\AppData\Local\GitHubDesktop\bin;C:\Users\linds\AppData\Local\Programs\mongosh\;C:\Program Files\Java\jdk-25.0.2\bin;C:\Users\linds\.dotnet\tools;C:\Program Files\Java\jdk-26.0.1\bin
JRE paths:	C:\Program Files\Java\jdk-26.0.1;C:\Program Files\Java\jdk-26.0.1\bin;C:\Program Files (x86)\Common Files\Oracle\Java\java8path;C:\Program Files (x86)\Common Files\Oracle\Java\javapath;C:\Program Files\Eclipse Adoptium\jdk-21.0.3.9-hotspot\bin;C:\Windows\system32;C:\Windows;C:\Windows\System32\Wbem;C:\Windows\System32\WindowsPowerShell\v1.0\;C:\Windows\System32\OpenSSH\;C:\Program Files (x86)\NVIDIA Corporation\PhysX\Common;C:\Program Files\NVIDIA Corporation\NVIDIA NvDLISR;C:\WINDOWS\system32;C:\WINDOWS;C:\WINDOWS\System32\Wbem;C:\WINDOWS\System32\WindowsPowerShell\v1.0\;C:\WINDOWS\System32\OpenSSH\;C:\Program Files\nodejs\;C:\Program Files (x86)\Git\cmd;C:\Program Files\dotnet\;JAVA_HOME;C:\Program Files\Java\jdk-26.0.1\bin;C:\Users\linds\AppData\Local\Microsoft\WindowsApps;C:\Users\linds\AppData\Local\Programs\Microsoft VS Code\bin;C:\Users\linds\AppData\Roaming\npm;C:\Users\linds\AppData\Local\GitHubDesktop\bin;C:\Users\linds\AppData\Local\Programs\mongosh\;C:\Program Files\Java\jdk-25.0.2\bin;C:\Users\linds\.dotnet\tools;C:\Program Files\Java\jdk-26.0.1\bin
Check launcher:	C:\Program Files\Java\jdk-26.0.1\bin\javaw.exe (OK)
Version string: 1.026.000_001 / 64-Bit (OK)
Launcher:	C:\Program Files\Java\jdk-26.0.1\bin\javaw.exe
Launcher args:	-jar "C:\Users\linds\OneDrive\Documents\GitHub\TarotHades\Installer\Other dependencies\MEMORIAM.exe"
Args length:	100/32768 chars
Exit code:	0


Version:	3.50
CmdLine:	C:\Users\linds\OneDrive\Documents\GitHub\TarotHades\Installer\Other dependencies\MEMORIAM.exe --l4j-debug
JNI:		No
WOW64:		Yes
Working dir:	C:\Users\linds\OneDrive\Documents\GitHub\TarotHades\Installer\Other dependencies\.
Requires JDK:	No
Requires 64-Bit: No
Java min ver:	
Java max ver:	
Substitute:	JAVA_HOME = C:\Program Files\Java\jdk-26.0.1
Substitute:	PATH = C:\Program Files\Java\jdk-26.0.1\bin;C:\Program Files (x86)\Common Files\Oracle\Java\java8path;C:\Program Files (x86)\Common Files\Oracle\Java\javapath;C:\Program Files\Eclipse Adoptium\jdk-21.0.3.9-hotspot\bin;C:\Windows\system32;C:\Windows;C:\Windows\System32\Wbem;C:\Windows\System32\WindowsPowerShell\v1.0\;C:\Windows\System32\OpenSSH\;C:\Program Files (x86)\NVIDIA Corporation\PhysX\Common;C:\Program Files\NVIDIA Corporation\NVIDIA NvDLISR;C:\WINDOWS\system32;C:\WINDOWS;C:\WINDOWS\System32\Wbem;C:\WINDOWS\System32\WindowsPowerShell\v1.0\;C:\WINDOWS\System32\OpenSSH\;C:\Program Files\nodejs\;C:\Program Files (x86)\Git\cmd;C:\Program Files\dotnet\;JAVA_HOME;C:\Program Files\Java\jdk-26.0.1\bin;C:\Users\linds\AppData\Local\Microsoft\WindowsApps;C:\Users\linds\AppData\Local\Programs\Microsoft VS Code\bin;C:\Users\linds\AppData\Roaming\npm;C:\Users\linds\AppData\Local\GitHubDesktop\bin;C:\Users\linds\AppData\Local\Programs\mongosh\;C:\Program Files\Java\jdk-25.0.2\bin;C:\Users\linds\.dotnet\tools;C:\Program Files\Java\jdk-26.0.1\bin
JRE paths:	C:\Program Files\Java\jdk-26.0.1;C:\Program Files\Java\jdk-26.0.1\bin;C:\Program Files (x86)\Common Files\Oracle\Java\java8path;C:\Program Files (x86)\Common Files\Oracle\Java\javapath;C:\Program Files\Eclipse Adoptium\jdk-21.0.3.9-hotspot\bin;C:\Windows\system32;C:\Windows;C:\Windows\System32\Wbem;C:\Windows\System32\WindowsPowerShell\v1.0\;C:\Windows\System32\OpenSSH\;C:\Program Files (x86)\NVIDIA Corporation\PhysX\Common;C:\Program Files\NVIDIA Corporation\NVIDIA NvDLISR;C:\WINDOWS\system32;C:\WINDOWS;C:\WINDOWS\System32\Wbem;C:\WINDOWS\System32\WindowsPowerShell\v1.0\;C:\WINDOWS\System32\OpenSSH\;C:\Program Files\nodejs\;C:\Program Files (x86)\Git\cmd;C:\Program Files\dotnet\;JAVA_HOME;C:\Program Files\Java\jdk-26.0.1\bin;C:\Users\linds\AppData\Local\Microsoft\WindowsApps;C:\Users\linds\AppData\Local\Programs\Microsoft VS Code\bin;C:\Users\linds\AppData\Roaming\npm;C:\Users\linds\AppData\Local\GitHubDesktop\bin;C:\Users\linds\AppData\Local\Programs\mongosh\;C:\Program Files\Java\jdk-25.0.2\bin;C:\Users\linds\.dotnet\tools;C:\Program Files\Java\jdk-26.0.1\bin
Check launcher:	C:\Program Files\Java\jdk-26.0.1\bin\javaw.exe (OK)
Version string: 1.026.000_001 / 64-Bit (OK)
Launcher:	C:\Program Files\Java\jdk-26.0.1\bin\javaw.exe
Launcher args:	-jar "C:\Users\linds\OneDrive\Documents\GitHub\TarotHades\Installer\Other dependencies\MEMORIAM.exe"
Args length:	100/32768 chars
Exit code:	0


Version:	3.50
CmdLine:	C:\Users\linds\OneDrive\Documents\GitHub\TarotHades\Installer\Other dependencies\MEMORIAM.exe --l4j-debug
JNI:		No
WOW64:		Yes
Working dir:	C:\Users\linds\OneDrive\Documents\GitHub\TarotHades\Installer\Other dependencies\.
Requires JDK:	No
Requires 64-Bit: No
Java min ver:	
Java max ver:	
Substitute:	JAVA_HOME = C:\Program Files\Java\jdk-26.0.1
Substitute:	PATH = C:\Program Files\Java\jdk-26.0.1\bin;C:\Program Files (x86)\Common Files\Oracle\Java\java8path;C:\Program Files (x86)\Common Files\Oracle\Java\javapath;C:\Program Files\Eclipse Adoptium\jdk-21.0.3.9-hotspot\bin;C:\Windows\system32;C:\Windows;C:\Windows\System32\Wbem;C:\Windows\System32\WindowsPowerShell\v1.0\;C:\Windows\System32\OpenSSH\;C:\Program Files (x86)\NVIDIA Corporation\PhysX\Common;C:\Program Files\NVIDIA Corporation\NVIDIA NvDLISR;C:\WINDOWS\system32;C:\WINDOWS;C:\WINDOWS\System32\Wbem;C:\WINDOWS\System32\WindowsPowerShell\v1.0\;C:\WINDOWS\System32\OpenSSH\;C:\Program Files\nodejs\;C:\Program Files (x86)\Git\cmd;C:\Program Files\dotnet\;JAVA_HOME;C:\Program Files\Java\jdk-26.0.1\bin;C:\Users\linds\AppData\Local\Microsoft\WindowsApps;C:\Users\linds\AppData\Local\Programs\Microsoft VS Code\bin;C:\Users\linds\AppData\Roaming\npm;C:\Users\linds\AppData\Local\GitHubDesktop\bin;C:\Users\linds\AppData\Local\Programs\mongosh\;C:\Program Files\Java\jdk-25.0.2\bin;C:\Users\linds\.dotnet\tools;C:\Program Files\Java\jdk-26.0.1\bin
JRE paths:	C:\Program Files\Java\jdk-26.0.1;C:\Program Files\Java\jdk-26.0.1\bin;C:\Program Files (x86)\Common Files\Oracle\Java\java8path;C:\Program Files (x86)\Common Files\Oracle\Java\javapath;C:\Program Files\Eclipse Adoptium\jdk-21.0.3.9-hotspot\bin;C:\Windows\system32;C:\Windows;C:\Windows\System32\Wbem;C:\Windows\System32\WindowsPowerShell\v1.0\;C:\Windows\System32\OpenSSH\;C:\Program Files (x86)\NVIDIA Corporation\PhysX\Common;C:\Program Files\NVIDIA Corporation\NVIDIA NvDLISR;C:\WINDOWS\system32;C:\WINDOWS;C:\WINDOWS\System32\Wbem;C:\WINDOWS\System32\WindowsPowerShell\v1.0\;C:\WINDOWS\System32\OpenSSH\;C:\Program Files\nodejs\;C:\Program Files (x86)\Git\cmd;C:\Program Files\dotnet\;JAVA_HOME;C:\Program Files\Java\jdk-26.0.1\bin;C:\Users\linds\AppData\Local\Microsoft\WindowsApps;C:\Users\linds\AppData\Local\Programs\Microsoft VS Code\bin;C:\Users\linds\AppData\Roaming\npm;C:\Users\linds\AppData\Local\GitHubDesktop\bin;C:\Users\linds\AppData\Local\Programs\mongosh\;C:\Program Files\Java\jdk-25.0.2\bin;C:\Users\linds\.dotnet\tools;C:\Program Files\Java\jdk-26.0.1\bin
Check launcher:	C:\Program Files\Java\jdk-26.0.1\bin\javaw.exe (OK)
Version string: 1.026.000_001 / 64-Bit (OK)
Launcher:	C:\Program Files\Java\jdk-26.0.1\bin\javaw.exe
Launcher args:	-jar "C:\Users\linds\OneDrive\Documents\GitHub\TarotHades\Installer\Other dependencies\MEMORIAM.exe"
Args length:	100/32768 chars
Exit code:	0
